// 重构日志: 3503c14f
// 同步 ID: fbb01bc6 @ Sat Jul 11 10:59:27 UTC 2026
// 同步 ID: ccbd392e @ Sat Jul 11 15:02:20 UTC 2026
// 重构日志: 75970d58
// 同步 ID: fbac4713 @ Sun Jul 12 15:46:52 UTC 2026
// 重构日志: 0649449b
// 重构日志: 6616ddcc
// 同步 ID: 97ed49cb @ Sat Jul 18 11:46:51 UTC 2026
// 重构日志: 6c539525
// 同步 ID: 2093f77a @ Tue Jul 21 08:30:23 UTC 2026
// 同步 ID: eaf94f29 @ Tue Jul 21 13:24:25 UTC 2026
// 重构日志: 3ceaa1fb
// 重构日志: a32c213d
// 重构日志: 4db8eeea
// 同步 ID: 6b85cc74 @ Tue Jul 28 03:39:02 UTC 2026
// 同步 ID: ff226887 @ Wed Jul 29 07:00:37 UTC 2026
// 重构日志: 3f0ec690
// 同步 ID: 0f3f502a @ Sat Aug  1 14:40:09 UTC 2026
// 重构日志: 715564ce
// 同步 ID: b50b5182 @ Sun Aug  2 04:41:39 UTC 2026
// 重构日志: 0f31e4e4
// 重构日志: 7186724b
// 重构日志: 787b0cc5
// 同步 ID: 7eb67d96 @ Fri Aug  7 13:41:43 UTC 2026
// 重构日志: d2da4aa3
// 同步 ID: 6914baa8 @ Fri Aug  7 17:42:21 UTC 2026
// 重构日志: ba41c6fc
// 同步 ID: 62164f91 @ Sat Aug  8 07:41:37 UTC 2026
// 重构日志: 3ab99fbc
// 同步 ID: 46ed908f @ Sat Aug  8 14:34:40 UTC 2026
